------------------------------------------------------------
TimeQuest Timing Analyzer Summary
------------------------------------------------------------

Type  : Slow 1100mV 85C Model Setup 'the_system|acl_iface|acl_kernel_clk|kernel_pll|altera_pll_i|cyclonev_pll|counter[0].output_counter|divclk'
Slack : 0.130
TNS   : 0.000

Type  : Slow 1100mV 85C Model Setup 'system:the_system|system_acl_iface:acl_iface|system_acl_iface_hps:hps|system_acl_iface_hps_hps_io:hps_io|system_acl_iface_hps_hps_io_border:border|hps_sdram:hps_sdram_inst|hps_sdram_pll:pll|afi_clk_write_clk'
Slack : 1.730
TNS   : 0.000

Type  : Slow 1100mV 85C Model Setup 'the_system|acl_iface|pll|altera_pll_i|general[0].gpll~PLL_OUTPUT_COUNTER|divclk'
Slack : 2.887
TNS   : 0.000

Type  : Slow 1100mV 85C Model Setup 'fpga_clk_50'
Slack : 4.793
TNS   : 0.000

Type  : Slow 1100mV 85C Model Hold 'system:the_system|system_acl_iface:acl_iface|system_acl_iface_hps:hps|system_acl_iface_hps_hps_io:hps_io|system_acl_iface_hps_hps_io_border:border|hps_sdram:hps_sdram_inst|hps_sdram_pll:pll|afi_clk_write_clk'
Slack : 0.143
TNS   : 0.000

Type  : Slow 1100mV 85C Model Hold 'the_system|acl_iface|acl_kernel_clk|kernel_pll|altera_pll_i|cyclonev_pll|counter[0].output_counter|divclk'
Slack : 0.232
TNS   : 0.000

Type  : Slow 1100mV 85C Model Hold 'fpga_clk_50'
Slack : 0.299
TNS   : 0.000

Type  : Slow 1100mV 85C Model Hold 'the_system|acl_iface|pll|altera_pll_i|general[0].gpll~PLL_OUTPUT_COUNTER|divclk'
Slack : 0.370
TNS   : 0.000

Type  : Slow 1100mV 85C Model Recovery 'the_system|acl_iface|acl_kernel_clk|kernel_pll|altera_pll_i|cyclonev_pll|counter[0].output_counter|divclk'
Slack : 1.928
TNS   : 0.000

Type  : Slow 1100mV 85C Model Recovery 'system:the_system|system_acl_iface:acl_iface|system_acl_iface_hps:hps|system_acl_iface_hps_hps_io:hps_io|system_acl_iface_hps_hps_io_border:border|hps_sdram:hps_sdram_inst|hps_sdram_pll:pll|afi_clk_write_clk'
Slack : 3.375
TNS   : 0.000

Type  : Slow 1100mV 85C Model Recovery 'the_system|acl_iface|pll|altera_pll_i|general[0].gpll~PLL_OUTPUT_COUNTER|divclk'
Slack : 6.524
TNS   : 0.000

Type  : Slow 1100mV 85C Model Recovery 'fpga_clk_50'
Slack : 14.390
TNS   : 0.000

Type  : Slow 1100mV 85C Model Removal 'system:the_system|system_acl_iface:acl_iface|system_acl_iface_hps:hps|system_acl_iface_hps_hps_io:hps_io|system_acl_iface_hps_hps_io_border:border|hps_sdram:hps_sdram_inst|hps_sdram_pll:pll|afi_clk_write_clk'
Slack : 0.470
TNS   : 0.000

Type  : Slow 1100mV 85C Model Removal 'the_system|acl_iface|acl_kernel_clk|kernel_pll|altera_pll_i|cyclonev_pll|counter[0].output_counter|divclk'
Slack : 0.554
TNS   : 0.000

Type  : Slow 1100mV 85C Model Removal 'the_system|acl_iface|pll|altera_pll_i|general[0].gpll~PLL_OUTPUT_COUNTER|divclk'
Slack : 0.658
TNS   : 0.000

Type  : Slow 1100mV 85C Model Removal 'fpga_clk_50'
Slack : 0.755
TNS   : 0.000

Type  : Slow 1100mV 85C Model Minimum Pulse Width 'system:the_system|system_acl_iface:acl_iface|system_acl_iface_hps:hps|system_acl_iface_hps_hps_io:hps_io|system_acl_iface_hps_hps_io_border:border|hps_sdram:hps_sdram_inst|hps_sdram_pll:pll|pll_write_clk_dq_write_clk'
Slack : 0.608
TNS   : 0.000

Type  : Slow 1100mV 85C Model Minimum Pulse Width 'system:the_system|system_acl_iface:acl_iface|system_acl_iface_hps:hps|system_acl_iface_hps_hps_io:hps_io|system_acl_iface_hps_hps_io_border:border|hps_sdram:hps_sdram_inst|hps_sdram_pll:pll|afi_clk_write_clk'
Slack : 0.623
TNS   : 0.000

Type  : Slow 1100mV 85C Model Minimum Pulse Width 'the_system|acl_iface|acl_kernel_clk|kernel_pll|altera_pll_i|cyclonev_pll|fpll_0|fpll|vcoph[0]'
Slack : 0.892
TNS   : 0.000

Type  : Slow 1100mV 85C Model Minimum Pulse Width 'the_system|acl_iface|pll|altera_pll_i|general[0].gpll~FRACTIONAL_PLL|vcoph[0]'
Slack : 1.666
TNS   : 0.000

Type  : Slow 1100mV 85C Model Minimum Pulse Width 'the_system|acl_iface|acl_kernel_clk|kernel_pll|altera_pll_i|cyclonev_pll|counter[0].output_counter|divclk'
Slack : 2.346
TNS   : 0.000

Type  : Slow 1100mV 85C Model Minimum Pulse Width 'the_system|acl_iface|pll|altera_pll_i|general[0].gpll~PLL_OUTPUT_COUNTER|divclk'
Slack : 3.748
TNS   : 0.000

Type  : Slow 1100mV 85C Model Minimum Pulse Width 'fpga_clk_50'
Slack : 8.872
TNS   : 0.000

Type  : Slow 1100mV 85C Model Minimum Pulse Width 'i2c_scl'
Slack : 149.670
TNS   : 0.000

Type  : Slow 1100mV 0C Model Setup 'the_system|acl_iface|acl_kernel_clk|kernel_pll|altera_pll_i|cyclonev_pll|counter[0].output_counter|divclk'
Slack : 0.313
TNS   : 0.000

Type  : Slow 1100mV 0C Model Setup 'system:the_system|system_acl_iface:acl_iface|system_acl_iface_hps:hps|system_acl_iface_hps_hps_io:hps_io|system_acl_iface_hps_hps_io_border:border|hps_sdram:hps_sdram_inst|hps_sdram_pll:pll|afi_clk_write_clk'
Slack : 1.727
TNS   : 0.000

Type  : Slow 1100mV 0C Model Setup 'the_system|acl_iface|pll|altera_pll_i|general[0].gpll~PLL_OUTPUT_COUNTER|divclk'
Slack : 2.985
TNS   : 0.000

Type  : Slow 1100mV 0C Model Setup 'fpga_clk_50'
Slack : 5.057
TNS   : 0.000

Type  : Slow 1100mV 0C Model Hold 'system:the_system|system_acl_iface:acl_iface|system_acl_iface_hps:hps|system_acl_iface_hps_hps_io:hps_io|system_acl_iface_hps_hps_io_border:border|hps_sdram:hps_sdram_inst|hps_sdram_pll:pll|afi_clk_write_clk'
Slack : 0.162
TNS   : 0.000

Type  : Slow 1100mV 0C Model Hold 'fpga_clk_50'
Slack : 0.269
TNS   : 0.000

Type  : Slow 1100mV 0C Model Hold 'the_system|acl_iface|acl_kernel_clk|kernel_pll|altera_pll_i|cyclonev_pll|counter[0].output_counter|divclk'
Slack : 0.278
TNS   : 0.000

Type  : Slow 1100mV 0C Model Hold 'the_system|acl_iface|pll|altera_pll_i|general[0].gpll~PLL_OUTPUT_COUNTER|divclk'
Slack : 0.360
TNS   : 0.000

Type  : Slow 1100mV 0C Model Recovery 'the_system|acl_iface|acl_kernel_clk|kernel_pll|altera_pll_i|cyclonev_pll|counter[0].output_counter|divclk'
Slack : 2.179
TNS   : 0.000

Type  : Slow 1100mV 0C Model Recovery 'system:the_system|system_acl_iface:acl_iface|system_acl_iface_hps:hps|system_acl_iface_hps_hps_io:hps_io|system_acl_iface_hps_hps_io_border:border|hps_sdram:hps_sdram_inst|hps_sdram_pll:pll|afi_clk_write_clk'
Slack : 3.468
TNS   : 0.000

Type  : Slow 1100mV 0C Model Recovery 'the_system|acl_iface|pll|altera_pll_i|general[0].gpll~PLL_OUTPUT_COUNTER|divclk'
Slack : 6.752
TNS   : 0.000

Type  : Slow 1100mV 0C Model Recovery 'fpga_clk_50'
Slack : 14.617
TNS   : 0.000

Type  : Slow 1100mV 0C Model Removal 'system:the_system|system_acl_iface:acl_iface|system_acl_iface_hps:hps|system_acl_iface_hps_hps_io:hps_io|system_acl_iface_hps_hps_io_border:border|hps_sdram:hps_sdram_inst|hps_sdram_pll:pll|afi_clk_write_clk'
Slack : 0.460
TNS   : 0.000

Type  : Slow 1100mV 0C Model Removal 'the_system|acl_iface|acl_kernel_clk|kernel_pll|altera_pll_i|cyclonev_pll|counter[0].output_counter|divclk'
Slack : 0.512
TNS   : 0.000

Type  : Slow 1100mV 0C Model Removal 'the_system|acl_iface|pll|altera_pll_i|general[0].gpll~PLL_OUTPUT_COUNTER|divclk'
Slack : 0.610
TNS   : 0.000

Type  : Slow 1100mV 0C Model Removal 'fpga_clk_50'
Slack : 0.718
TNS   : 0.000

Type  : Slow 1100mV 0C Model Minimum Pulse Width 'system:the_system|system_acl_iface:acl_iface|system_acl_iface_hps:hps|system_acl_iface_hps_hps_io:hps_io|system_acl_iface_hps_hps_io_border:border|hps_sdram:hps_sdram_inst|hps_sdram_pll:pll|pll_write_clk_dq_write_clk'
Slack : 0.613
TNS   : 0.000

Type  : Slow 1100mV 0C Model Minimum Pulse Width 'system:the_system|system_acl_iface:acl_iface|system_acl_iface_hps:hps|system_acl_iface_hps_hps_io:hps_io|system_acl_iface_hps_hps_io_border:border|hps_sdram:hps_sdram_inst|hps_sdram_pll:pll|afi_clk_write_clk'
Slack : 0.630
TNS   : 0.000

Type  : Slow 1100mV 0C Model Minimum Pulse Width 'the_system|acl_iface|acl_kernel_clk|kernel_pll|altera_pll_i|cyclonev_pll|fpll_0|fpll|vcoph[0]'
Slack : 0.892
TNS   : 0.000

Type  : Slow 1100mV 0C Model Minimum Pulse Width 'the_system|acl_iface|pll|altera_pll_i|general[0].gpll~FRACTIONAL_PLL|vcoph[0]'
Slack : 1.666
TNS   : 0.000

Type  : Slow 1100mV 0C Model Minimum Pulse Width 'the_system|acl_iface|acl_kernel_clk|kernel_pll|altera_pll_i|cyclonev_pll|counter[0].output_counter|divclk'
Slack : 2.323
TNS   : 0.000

Type  : Slow 1100mV 0C Model Minimum Pulse Width 'the_system|acl_iface|pll|altera_pll_i|general[0].gpll~PLL_OUTPUT_COUNTER|divclk'
Slack : 3.727
TNS   : 0.000

Type  : Slow 1100mV 0C Model Minimum Pulse Width 'fpga_clk_50'
Slack : 8.910
TNS   : 0.000

Type  : Slow 1100mV 0C Model Minimum Pulse Width 'i2c_scl'
Slack : 149.674
TNS   : 0.000

Type  : Fast 1100mV 85C Model Setup 'system:the_system|system_acl_iface:acl_iface|system_acl_iface_hps:hps|system_acl_iface_hps_hps_io:hps_io|system_acl_iface_hps_hps_io_border:border|hps_sdram:hps_sdram_inst|hps_sdram_pll:pll|afi_clk_write_clk'
Slack : 2.110
TNS   : 0.000

Type  : Fast 1100mV 85C Model Setup 'the_system|acl_iface|acl_kernel_clk|kernel_pll|altera_pll_i|cyclonev_pll|counter[0].output_counter|divclk'
Slack : 2.581
TNS   : 0.000

Type  : Fast 1100mV 85C Model Setup 'the_system|acl_iface|pll|altera_pll_i|general[0].gpll~PLL_OUTPUT_COUNTER|divclk'
Slack : 5.266
TNS   : 0.000

Type  : Fast 1100mV 85C Model Setup 'fpga_clk_50'
Slack : 10.246
TNS   : 0.000

Type  : Fast 1100mV 85C Model Hold 'system:the_system|system_acl_iface:acl_iface|system_acl_iface_hps:hps|system_acl_iface_hps_hps_io:hps_io|system_acl_iface_hps_hps_io_border:border|hps_sdram:hps_sdram_inst|hps_sdram_pll:pll|afi_clk_write_clk'
Slack : 0.084
TNS   : 0.000

Type  : Fast 1100mV 85C Model Hold 'the_system|acl_iface|acl_kernel_clk|kernel_pll|altera_pll_i|cyclonev_pll|counter[0].output_counter|divclk'
Slack : 0.147
TNS   : 0.000

Type  : Fast 1100mV 85C Model Hold 'fpga_clk_50'
Slack : 0.173
TNS   : 0.000

Type  : Fast 1100mV 85C Model Hold 'the_system|acl_iface|pll|altera_pll_i|general[0].gpll~PLL_OUTPUT_COUNTER|divclk'
Slack : 0.179
TNS   : 0.000

Type  : Fast 1100mV 85C Model Recovery 'the_system|acl_iface|acl_kernel_clk|kernel_pll|altera_pll_i|cyclonev_pll|counter[0].output_counter|divclk'
Slack : 3.590
TNS   : 0.000

Type  : Fast 1100mV 85C Model Recovery 'system:the_system|system_acl_iface:acl_iface|system_acl_iface_hps:hps|system_acl_iface_hps_hps_io:hps_io|system_acl_iface_hps_hps_io_border:border|hps_sdram:hps_sdram_inst|hps_sdram_pll:pll|afi_clk_write_clk'
Slack : 3.727
TNS   : 0.000

Type  : Fast 1100mV 85C Model Recovery 'the_system|acl_iface|pll|altera_pll_i|general[0].gpll~PLL_OUTPUT_COUNTER|divclk'
Slack : 7.630
TNS   : 0.000

Type  : Fast 1100mV 85C Model Recovery 'fpga_clk_50'
Slack : 16.140
TNS   : 0.000

Type  : Fast 1100mV 85C Model Removal 'the_system|acl_iface|acl_kernel_clk|kernel_pll|altera_pll_i|cyclonev_pll|counter[0].output_counter|divclk'
Slack : 0.291
TNS   : 0.000

Type  : Fast 1100mV 85C Model Removal 'the_system|acl_iface|pll|altera_pll_i|general[0].gpll~PLL_OUTPUT_COUNTER|divclk'
Slack : 0.360
TNS   : 0.000

Type  : Fast 1100mV 85C Model Removal 'fpga_clk_50'
Slack : 0.421
TNS   : 0.000

Type  : Fast 1100mV 85C Model Removal 'system:the_system|system_acl_iface:acl_iface|system_acl_iface_hps:hps|system_acl_iface_hps_hps_io:hps_io|system_acl_iface_hps_hps_io_border:border|hps_sdram:hps_sdram_inst|hps_sdram_pll:pll|afi_clk_write_clk'
Slack : 0.497
TNS   : 0.000

Type  : Fast 1100mV 85C Model Minimum Pulse Width 'system:the_system|system_acl_iface:acl_iface|system_acl_iface_hps:hps|system_acl_iface_hps_hps_io:hps_io|system_acl_iface_hps_hps_io_border:border|hps_sdram:hps_sdram_inst|hps_sdram_pll:pll|pll_write_clk_dq_write_clk'
Slack : 0.883
TNS   : 0.000

Type  : Fast 1100mV 85C Model Minimum Pulse Width 'system:the_system|system_acl_iface:acl_iface|system_acl_iface_hps:hps|system_acl_iface_hps_hps_io:hps_io|system_acl_iface_hps_hps_io_border:border|hps_sdram:hps_sdram_inst|hps_sdram_pll:pll|afi_clk_write_clk'
Slack : 0.891
TNS   : 0.000

Type  : Fast 1100mV 85C Model Minimum Pulse Width 'the_system|acl_iface|acl_kernel_clk|kernel_pll|altera_pll_i|cyclonev_pll|fpll_0|fpll|vcoph[0]'
Slack : 0.892
TNS   : 0.000

Type  : Fast 1100mV 85C Model Minimum Pulse Width 'the_system|acl_iface|pll|altera_pll_i|general[0].gpll~FRACTIONAL_PLL|vcoph[0]'
Slack : 1.666
TNS   : 0.000

Type  : Fast 1100mV 85C Model Minimum Pulse Width 'the_system|acl_iface|acl_kernel_clk|kernel_pll|altera_pll_i|cyclonev_pll|counter[0].output_counter|divclk'
Slack : 2.468
TNS   : 0.000

Type  : Fast 1100mV 85C Model Minimum Pulse Width 'the_system|acl_iface|pll|altera_pll_i|general[0].gpll~PLL_OUTPUT_COUNTER|divclk'
Slack : 3.878
TNS   : 0.000

Type  : Fast 1100mV 85C Model Minimum Pulse Width 'fpga_clk_50'
Slack : 8.477
TNS   : 0.000

Type  : Fast 1100mV 85C Model Minimum Pulse Width 'i2c_scl'
Slack : 149.336
TNS   : 0.000

Type  : Fast 1100mV 0C Model Setup 'system:the_system|system_acl_iface:acl_iface|system_acl_iface_hps:hps|system_acl_iface_hps_hps_io:hps_io|system_acl_iface_hps_hps_io_border:border|hps_sdram:hps_sdram_inst|hps_sdram_pll:pll|afi_clk_write_clk'
Slack : 2.110
TNS   : 0.000

Type  : Fast 1100mV 0C Model Setup 'the_system|acl_iface|acl_kernel_clk|kernel_pll|altera_pll_i|cyclonev_pll|counter[0].output_counter|divclk'
Slack : 3.125
TNS   : 0.000

Type  : Fast 1100mV 0C Model Setup 'the_system|acl_iface|pll|altera_pll_i|general[0].gpll~PLL_OUTPUT_COUNTER|divclk'
Slack : 5.773
TNS   : 0.000

Type  : Fast 1100mV 0C Model Setup 'fpga_clk_50'
Slack : 11.000
TNS   : 0.000

Type  : Fast 1100mV 0C Model Hold 'system:the_system|system_acl_iface:acl_iface|system_acl_iface_hps:hps|system_acl_iface_hps_hps_io:hps_io|system_acl_iface_hps_hps_io_border:border|hps_sdram:hps_sdram_inst|hps_sdram_pll:pll|afi_clk_write_clk'
Slack : 0.077
TNS   : 0.000

Type  : Fast 1100mV 0C Model Hold 'the_system|acl_iface|acl_kernel_clk|kernel_pll|altera_pll_i|cyclonev_pll|counter[0].output_counter|divclk'
Slack : 0.153
TNS   : 0.000

Type  : Fast 1100mV 0C Model Hold 'fpga_clk_50'
Slack : 0.161
TNS   : 0.000

Type  : Fast 1100mV 0C Model Hold 'the_system|acl_iface|pll|altera_pll_i|general[0].gpll~PLL_OUTPUT_COUNTER|divclk'
Slack : 0.170
TNS   : 0.000

Type  : Fast 1100mV 0C Model Recovery 'system:the_system|system_acl_iface:acl_iface|system_acl_iface_hps:hps|system_acl_iface_hps_hps_io:hps_io|system_acl_iface_hps_hps_io_border:border|hps_sdram:hps_sdram_inst|hps_sdram_pll:pll|afi_clk_write_clk'
Slack : 3.825
TNS   : 0.000

Type  : Fast 1100mV 0C Model Recovery 'the_system|acl_iface|acl_kernel_clk|kernel_pll|altera_pll_i|cyclonev_pll|counter[0].output_counter|divclk'
Slack : 4.044
TNS   : 0.000

Type  : Fast 1100mV 0C Model Recovery 'the_system|acl_iface|pll|altera_pll_i|general[0].gpll~PLL_OUTPUT_COUNTER|divclk'
Slack : 7.958
TNS   : 0.000

Type  : Fast 1100mV 0C Model Recovery 'fpga_clk_50'
Slack : 16.592
TNS   : 0.000

Type  : Fast 1100mV 0C Model Removal 'the_system|acl_iface|acl_kernel_clk|kernel_pll|altera_pll_i|cyclonev_pll|counter[0].output_counter|divclk'
Slack : 0.261
TNS   : 0.000

Type  : Fast 1100mV 0C Model Removal 'the_system|acl_iface|pll|altera_pll_i|general[0].gpll~PLL_OUTPUT_COUNTER|divclk'
Slack : 0.328
TNS   : 0.000

Type  : Fast 1100mV 0C Model Removal 'fpga_clk_50'
Slack : 0.387
TNS   : 0.000

Type  : Fast 1100mV 0C Model Removal 'system:the_system|system_acl_iface:acl_iface|system_acl_iface_hps:hps|system_acl_iface_hps_hps_io:hps_io|system_acl_iface_hps_hps_io_border:border|hps_sdram:hps_sdram_inst|hps_sdram_pll:pll|afi_clk_write_clk'
Slack : 0.473
TNS   : 0.000

Type  : Fast 1100mV 0C Model Minimum Pulse Width 'system:the_system|system_acl_iface:acl_iface|system_acl_iface_hps:hps|system_acl_iface_hps_hps_io:hps_io|system_acl_iface_hps_hps_io_border:border|hps_sdram:hps_sdram_inst|hps_sdram_pll:pll|pll_write_clk_dq_write_clk'
Slack : 0.887
TNS   : 0.000

Type  : Fast 1100mV 0C Model Minimum Pulse Width 'the_system|acl_iface|acl_kernel_clk|kernel_pll|altera_pll_i|cyclonev_pll|fpll_0|fpll|vcoph[0]'
Slack : 0.892
TNS   : 0.000

Type  : Fast 1100mV 0C Model Minimum Pulse Width 'system:the_system|system_acl_iface:acl_iface|system_acl_iface_hps:hps|system_acl_iface_hps_hps_io:hps_io|system_acl_iface_hps_hps_io_border:border|hps_sdram:hps_sdram_inst|hps_sdram_pll:pll|afi_clk_write_clk'
Slack : 0.894
TNS   : 0.000

Type  : Fast 1100mV 0C Model Minimum Pulse Width 'the_system|acl_iface|pll|altera_pll_i|general[0].gpll~FRACTIONAL_PLL|vcoph[0]'
Slack : 1.666
TNS   : 0.000

Type  : Fast 1100mV 0C Model Minimum Pulse Width 'the_system|acl_iface|acl_kernel_clk|kernel_pll|altera_pll_i|cyclonev_pll|counter[0].output_counter|divclk'
Slack : 2.467
TNS   : 0.000

Type  : Fast 1100mV 0C Model Minimum Pulse Width 'the_system|acl_iface|pll|altera_pll_i|general[0].gpll~PLL_OUTPUT_COUNTER|divclk'
Slack : 3.882
TNS   : 0.000

Type  : Fast 1100mV 0C Model Minimum Pulse Width 'fpga_clk_50'
Slack : 8.432
TNS   : 0.000

Type  : Fast 1100mV 0C Model Minimum Pulse Width 'i2c_scl'
Slack : 149.286
TNS   : 0.000

------------------------------------------------------------
Info: see the "DDR report" for DDR timing results
------------------------------------------------------------
------------------------------------------------------------
